Component: ARM Compiler 5.06 update 6 (build 750) Tool: armlink [4d35ed]

==============================================================================

Small function inlining results

Inlined function __aeabi_idiv0 from aeabi_idiv0.o at offset 0x154 in aeabi_sdiv.o(.text).
Inlined Instruction: BX       lr
Inlined function __aeabi_idiv0 from aeabi_idiv0.o at offset 0x154 in aeabi_sdiv_div0.o(.text).
Inlined Instruction: BX       lr
Inlined function _platform_pre_stackheap_init from boardinit1.o at offset 0x0 in __rtentry2.o(.ARM.Collect$$rtentry$$00000001).
Inlined Instruction: BX       lr
Inlined function _fp_init from fpinit.o at offset 0x0 in libinit2.o(.ARM.Collect$$libinit$$00000001).
Inlined Instruction: BX       lr
Inlined function _platform_pre_lib_shutdown from boardshut.o at offset 0x0 in rtexit2.o(.ARM.Collect$$rtexit$$00000001).
Inlined Instruction: BX       lr
Inlined function __ARM_get_argv from no_argv.o at offset 0x2 in argv_veneer.o(.text).
Inlined Instruction: BX       lr
Inlined total of 6 calls.

==============================================================================

Memory Map of the image

  Image Entry point : 0x00000165

  Load Region LR_1 (Base: 0x00000000, Size: 0x00001608, Max: 0xffffffff, ABSOLUTE)

    Execution Region ER_RO (Exec base: 0x00000000, Load base: 0x00000000, Size: 0x000015c8, Max: 0xffffffff, ABSOLUTE)

    Exec Addr    Load Addr    Size         Type   Attr      Idx    E Section Name        Object

    0x00000000   0x00000000   0x000000c0   Data   RO           55    RESET               startup_nuc1xx.o
    0x000000c0   0x000000c0   0x00000008   Code   RO          826  * !!!main             c_p.l(__main.o)
    0x000000c8   0x000000c8   0x0000003c   Code   RO          995    !!!scatter          c_p.l(__scatter.o)
    0x00000104   0x00000104   0x0000001a   Code   RO          997    !!handler_copy      c_p.l(__scatter_copy.o)
    0x0000011e   0x0000011e   0x00000002   PAD
    0x00000120   0x00000120   0x0000001c   Code   RO          999    !!handler_zi        c_p.l(__scatter_zi.o)
    0x0000013c   0x0000013c   0x00000002   Code   RO          864    .ARM.Collect$$libinit$$00000000  c_p.l(libinit.o)
    0x0000013e   0x0000013e   0x00000000   Code   RO          878    .ARM.Collect$$libinit$$00000002  c_p.l(libinit2.o)
    0x0000013e   0x0000013e   0x00000000   Code   RO          880    .ARM.Collect$$libinit$$00000004  c_p.l(libinit2.o)
    0x0000013e   0x0000013e   0x00000000   Code   RO          883    .ARM.Collect$$libinit$$0000000A  c_p.l(libinit2.o)
    0x0000013e   0x0000013e   0x00000000   Code   RO          885    .ARM.Collect$$libinit$$0000000C  c_p.l(libinit2.o)
    0x0000013e   0x0000013e   0x00000000   Code   RO          887    .ARM.Collect$$libinit$$0000000E  c_p.l(libinit2.o)
    0x0000013e   0x0000013e   0x00000000   Code   RO          890    .ARM.Collect$$libinit$$00000011  c_p.l(libinit2.o)
    0x0000013e   0x0000013e   0x00000000   Code   RO          892    .ARM.Collect$$libinit$$00000013  c_p.l(libinit2.o)
    0x0000013e   0x0000013e   0x00000000   Code   RO          894    .ARM.Collect$$libinit$$00000015  c_p.l(libinit2.o)
    0x0000013e   0x0000013e   0x00000000   Code   RO          896    .ARM.Collect$$libinit$$00000017  c_p.l(libinit2.o)
    0x0000013e   0x0000013e   0x00000000   Code   RO          898    .ARM.Collect$$libinit$$00000019  c_p.l(libinit2.o)
    0x0000013e   0x0000013e   0x00000000   Code   RO          900    .ARM.Collect$$libinit$$0000001B  c_p.l(libinit2.o)
    0x0000013e   0x0000013e   0x00000000   Code   RO          902    .ARM.Collect$$libinit$$0000001D  c_p.l(libinit2.o)
    0x0000013e   0x0000013e   0x00000000   Code   RO          904    .ARM.Collect$$libinit$$0000001F  c_p.l(libinit2.o)
    0x0000013e   0x0000013e   0x00000000   Code   RO          906    .ARM.Collect$$libinit$$00000021  c_p.l(libinit2.o)
    0x0000013e   0x0000013e   0x00000000   Code   RO          908    .ARM.Collect$$libinit$$00000023  c_p.l(libinit2.o)
    0x0000013e   0x0000013e   0x00000000   Code   RO          910    .ARM.Collect$$libinit$$00000025  c_p.l(libinit2.o)
    0x0000013e   0x0000013e   0x00000000   Code   RO          914    .ARM.Collect$$libinit$$0000002C  c_p.l(libinit2.o)
    0x0000013e   0x0000013e   0x00000000   Code   RO          916    .ARM.Collect$$libinit$$0000002E  c_p.l(libinit2.o)
    0x0000013e   0x0000013e   0x00000000   Code   RO          918    .ARM.Collect$$libinit$$00000030  c_p.l(libinit2.o)
    0x0000013e   0x0000013e   0x00000000   Code   RO          920    .ARM.Collect$$libinit$$00000032  c_p.l(libinit2.o)
    0x0000013e   0x0000013e   0x00000002   Code   RO          921    .ARM.Collect$$libinit$$00000033  c_p.l(libinit2.o)
    0x00000140   0x00000140   0x00000002   Code   RO          952    .ARM.Collect$$libshutdown$$00000000  c_p.l(libshutdown.o)
    0x00000142   0x00000142   0x00000000   Code   RO          978    .ARM.Collect$$libshutdown$$00000002  c_p.l(libshutdown2.o)
    0x00000142   0x00000142   0x00000000   Code   RO          980    .ARM.Collect$$libshutdown$$00000004  c_p.l(libshutdown2.o)
    0x00000142   0x00000142   0x00000000   Code   RO          983    .ARM.Collect$$libshutdown$$00000007  c_p.l(libshutdown2.o)
    0x00000142   0x00000142   0x00000000   Code   RO          986    .ARM.Collect$$libshutdown$$0000000A  c_p.l(libshutdown2.o)
    0x00000142   0x00000142   0x00000000   Code   RO          988    .ARM.Collect$$libshutdown$$0000000C  c_p.l(libshutdown2.o)
    0x00000142   0x00000142   0x00000000   Code   RO          991    .ARM.Collect$$libshutdown$$0000000F  c_p.l(libshutdown2.o)
    0x00000142   0x00000142   0x00000002   Code   RO          992    .ARM.Collect$$libshutdown$$00000010  c_p.l(libshutdown2.o)
    0x00000144   0x00000144   0x00000000   Code   RO          828    .ARM.Collect$$rtentry$$00000000  c_p.l(__rtentry.o)
    0x00000144   0x00000144   0x00000000   Code   RO          834    .ARM.Collect$$rtentry$$00000002  c_p.l(__rtentry2.o)
    0x00000144   0x00000144   0x00000006   Code   RO          846    .ARM.Collect$$rtentry$$00000004  c_p.l(__rtentry4.o)
    0x0000014a   0x0000014a   0x00000000   Code   RO          836    .ARM.Collect$$rtentry$$00000009  c_p.l(__rtentry2.o)
    0x0000014a   0x0000014a   0x00000004   Code   RO          837    .ARM.Collect$$rtentry$$0000000A  c_p.l(__rtentry2.o)
    0x0000014e   0x0000014e   0x00000000   Code   RO          839    .ARM.Collect$$rtentry$$0000000C  c_p.l(__rtentry2.o)
    0x0000014e   0x0000014e   0x00000008   Code   RO          840    .ARM.Collect$$rtentry$$0000000D  c_p.l(__rtentry2.o)
    0x00000156   0x00000156   0x00000002   Code   RO          869    .ARM.Collect$$rtexit$$00000000  c_p.l(rtexit.o)
    0x00000158   0x00000158   0x00000000   Code   RO          925    .ARM.Collect$$rtexit$$00000002  c_p.l(rtexit2.o)
    0x00000158   0x00000158   0x00000004   Code   RO          926    .ARM.Collect$$rtexit$$00000003  c_p.l(rtexit2.o)
    0x0000015c   0x0000015c   0x00000006   Code   RO          927    .ARM.Collect$$rtexit$$00000004  c_p.l(rtexit2.o)
    0x00000162   0x00000162   0x00000002   PAD
    0x00000164   0x00000164   0x00000064   Code   RO           56  * .text               startup_nuc1xx.o
    0x000001c8   0x000001c8   0x0000015a   Code   RO          820    .text               c_p.l(aeabi_sdiv.o)
    0x00000322   0x00000322   0x00000006   Code   RO          824    .text               c_p.l(heapauxi.o)
    0x00000328   0x00000328   0x0000003e   Code   RO          850    .text               c_p.l(sys_stackheap_outer.o)
    0x00000366   0x00000366   0x00000010   Code   RO          853    .text               c_p.l(exit.o)
    0x00000376   0x00000376   0x00000002   PAD
    0x00000378   0x00000378   0x00000008   Code   RO          865    .text               c_p.l(libspace.o)
    0x00000380   0x00000380   0x0000000c   Code   RO          922    .text               c_p.l(sys_exit.o)
    0x0000038c   0x0000038c   0x00000002   Code   RO          941    .text               c_p.l(use_no_semi.o)
    0x0000038e   0x0000038e   0x00000000   Code   RO          943    .text               c_p.l(indicate_semi.o)
    0x0000038e   0x0000038e   0x00000002   PAD
    0x00000390   0x00000390   0x00000028   Code   RO          372    i.BOD_IRQHandler    drvsys.o
    0x000003b8   0x000003b8   0x000000d4   Code   RO          675    i.BaudRateCalculator  drvuart.o
    0x0000048c   0x0000048c   0x0000002c   Code   RO          132    i.DrvGPIO_ClrBit    drvgpio.o
    0x000004b8   0x000004b8   0x00000034   Code   RO          140    i.DrvGPIO_EnableDebounce  drvgpio.o
    0x000004ec   0x000004ec   0x000000f0   Code   RO          144    i.DrvGPIO_EnableInt  drvgpio.o
    0x000005dc   0x000005dc   0x00000758   Code   RO          154    i.DrvGPIO_InitFunction  drvgpio.o
    0x00000d34   0x00000d34   0x00000088   Code   RO          155    i.DrvGPIO_Open      drvgpio.o
    0x00000dbc   0x00000dbc   0x0000002c   Code   RO          156    i.DrvGPIO_SetBit    drvgpio.o
    0x00000de8   0x00000de8   0x00000040   Code   RO          158    i.DrvGPIO_SetDebounceTime  drvgpio.o
    0x00000e28   0x00000e28   0x00000014   Code   RO          159    i.DrvGPIO_SetIntCallback  drvgpio.o
    0x00000e3c   0x00000e3c   0x0000002c   Code   RO          375    i.DrvSYS_Delay      drvsys.o
    0x00000e68   0x00000e68   0x00000008   Code   RO          390    i.DrvSYS_GetExtClockFreq  drvsys.o
    0x00000e70   0x00000e70   0x00000078   Code   RO          392    i.DrvSYS_GetPLLClockFreq  drvsys.o
    0x00000ee8   0x00000ee8   0x00000268   Code   RO          685    i.DrvUART_Open      drvuart.o
    0x00001150   0x00001150   0x00000040   Code   RO          691    i.DrvUART_Write     drvuart.o
    0x00001190   0x00001190   0x00000024   Code   RO          162    i.EINT0_IRQHandler  drvgpio.o
    0x000011b4   0x000011b4   0x00000024   Code   RO          163    i.EINT1_IRQHandler  drvgpio.o
    0x000011d8   0x000011d8   0x00000044   Code   RO          164    i.GPAB_IRQHandler   drvgpio.o
    0x0000121c   0x0000121c   0x0000004c   Code   RO          165    i.GPCDE_IRQHandler  drvgpio.o
    0x00001268   0x00001268   0x0000002c   Code   RO           60    i.GPIOAB_INT_CallBack  smpl_gpio_interrupt.o
    0x00001294   0x00001294   0x00000054   Code   RO           61    i.GPIOCDE_INT_CallBack  smpl_gpio_interrupt.o
    0x000012e8   0x000012e8   0x00000048   Code   RO          692    i.GetUartClk        drvuart.o
    0x00001330   0x00001330   0x00000014   Code   RO          167    i.NVIC_EnableIRQ    drvgpio.o
    0x00001344   0x00001344   0x00000078   Code   RO          168    i.NVIC_SetPriority  drvgpio.o
    0x000013bc   0x000013bc   0x00000028   Code   RO          420    i.PWRWU_IRQHandler  drvsys.o
    0x000013e4   0x000013e4   0x00000002   Code   RO           18    i.SystemInit        system_nuc1xx.o
    0x000013e6   0x000013e6   0x00000002   PAD
    0x000013e8   0x000013e8   0x0000003c   Code   RO          695    i.UART02_IRQHandler  drvuart.o
    0x00001424   0x00001424   0x00000020   Code   RO          696    i.UART1_IRQHandler  drvuart.o
    0x00001444   0x00001444   0x0000001c   Code   RO          361    i.__ARM_common_switch8  drvgpio.o
    0x00001460   0x00001460   0x00000028   Code   RO           62    i.initLed           smpl_gpio_interrupt.o
    0x00001488   0x00001488   0x000000a8   Code   RO           63    i.interruptConfig   smpl_gpio_interrupt.o
    0x00001530   0x00001530   0x00000010   Code   RO           64    i.main              smpl_gpio_interrupt.o
    0x00001540   0x00001540   0x00000032   Code   RO           65    i.uartConfig        smpl_gpio_interrupt.o
    0x00001572   0x00001572   0x00000002   PAD
    0x00001574   0x00001574   0x00000024   Code   RO           66    i.uart_sendStr      smpl_gpio_interrupt.o
    0x00001598   0x00001598   0x00000010   Data   RO          421    .constdata          drvsys.o
    0x000015a8   0x000015a8   0x00000020   Data   RO          993    Region$$Table       anon$$obj.o


    Execution Region ER_RW (Exec base: 0x20000000, Load base: 0x000015c8, Size: 0x00000040, Max: 0xffffffff, ABSOLUTE)

    Exec Addr    Load Addr    Size         Type   Attr      Idx    E Section Name        Object

    0x20000000   0x000015c8   0x0000001c   Data   RW           19    .data               system_nuc1xx.o
    0x2000001c   0x000015e4   0x00000010   Data   RW          169    .data               drvgpio.o
    0x2000002c   0x000015f4   0x00000008   Data   RW          422    .data               drvsys.o
    0x20000034   0x000015fc   0x0000000c   Data   RW          697    .data               drvuart.o


    Execution Region ER_ZI (Exec base: 0x20000040, Load base: 0x00001608, Size: 0x00000460, Max: 0xffffffff, ABSOLUTE)

    Exec Addr    Load Addr    Size         Type   Attr      Idx    E Section Name        Object

    0x20000040        -       0x00000060   Zero   RW          866    .bss                c_p.l(libspace.o)
    0x200000a0        -       0x00000000   Zero   RW           54    HEAP                startup_nuc1xx.o
    0x200000a0        -       0x00000400   Zero   RW           53    STACK               startup_nuc1xx.o


==============================================================================

Image component sizes


      Code (inc. data)   RO Data    RW Data    ZI Data      Debug   Object Name

         0          0          0          0          0       4540   core_cm0.o
      2864        200          0         16          0      22331   drvgpio.o
       252         40         16          8          0       5397   drvsys.o
      1056         60          0         12          0       7890   drvuart.o
       438         38          0          0          0     124340   smpl_gpio_interrupt.o
       100         46        192          0       1024        720   startup_nuc1xx.o
         2          0          0         28          0       1286   system_nuc1xx.o

    ----------------------------------------------------------------------
      4716        384        240         64       1024     166504   Object Totals
         0          0         32          0          0          0   (incl. Generated)
         4          0          0          0          0          0   (incl. Padding)

    ----------------------------------------------------------------------

      Code (inc. data)   RO Data    RW Data    ZI Data      Debug   Library Member Name

         8          0          0          0          0         68   __main.o
         0          0          0          0          0          0   __rtentry.o
        12          0          0          0          0          0   __rtentry2.o
         6          0          0          0          0          0   __rtentry4.o
        60          8          0          0          0          0   __scatter.o
        26          0          0          0          0          0   __scatter_copy.o
        28          0          0          0          0          0   __scatter_zi.o
       346          0          0          0          0         92   aeabi_sdiv.o
        16          0          0          0          0         68   exit.o
         6          0          0          0          0        136   heapauxi.o
         0          0          0          0          0          0   indicate_semi.o
         2          0          0          0          0          0   libinit.o
         2          0          0          0          0          0   libinit2.o
         2          0          0          0          0          0   libshutdown.o
         2          0          0          0          0          0   libshutdown2.o
         8          4          0          0         96         68   libspace.o
         2          0          0          0          0          0   rtexit.o
        10          0          0          0          0          0   rtexit2.o
        12          4          0          0          0         60   sys_exit.o
        62          0          0          0          0         80   sys_stackheap_outer.o
         2          0          0          0          0         68   use_no_semi.o

    ----------------------------------------------------------------------
       620         16          0          0         96        640   Library Totals
         8          0          0          0          0          0   (incl. Padding)

    ----------------------------------------------------------------------

      Code (inc. data)   RO Data    RW Data    ZI Data      Debug   Library Name

       612         16          0          0         96        640   c_p.l

    ----------------------------------------------------------------------
       620         16          0          0         96        640   Library Totals

    ----------------------------------------------------------------------

==============================================================================


      Code (inc. data)   RO Data    RW Data    ZI Data      Debug   

      5336        400        240         64       1120     165636   Grand Totals
      5336        400        240         64       1120     165636   ELF Image Totals
      5336        400        240         64          0          0   ROM Totals

==============================================================================

    Total RO  Size (Code + RO Data)                 5576 (   5.45kB)
    Total RW  Size (RW Data + ZI Data)              1184 (   1.16kB)
    Total ROM Size (Code + RO Data + RW Data)       5640 (   5.51kB)

==============================================================================

